123.125.71.35 - - [10/May/2011:16:46:35 -0500] "GET / HTTP/1.1" 200 1156 "-" "Mozilla/5.0 (compatible; Baiduspider/2.0; +http://www.baidu.com/search/spider.html)"
66.212.30.122 - - [11/May/2011:02:18:27 -0500] "GET / HTTP/1.1" 200 1194 "-" "Mozilla/4.0 (compatible; MSIE 7.0; Windows NT 5.1; .NET CLR 2.0.50727; .NET CLR 3.0.04506.648; .NET CLR 3.5.21022)"
174.129.117.237 - - [11/May/2011:18:14:09 -0500] "HEAD / HTTP/1.1" 200 202 "-" "Mozilla/5.0 (Windows; U; Windows NT 5.1; en-US) AppleWebKit/525.13 (KHTML, like Gecko) Chrome/0.A.B.C Safari/525.13"
220.181.108.113 - - [12/May/2011:04:19:14 -0500] "GET /robots.txt HTTP/1.1" 404 465 "-" "Baiduspider+(+http://www.baidu.com/search/spider.htm)"
72.30.161.232 - - [12/May/2011:21:16:15 +0000] "GET /robots.txt HTTP/1.0" 404 468 "-" "Mozilla/5.0 (compatible; Yahoo! Slurp; http://help.yahoo.com/help/us/ysearch/slurp)"
72.30.161.232 - - [12/May/2011:16:16:15 -0500] "GET / HTTP/1.0" 200 1111 "-" "Mozilla/5.0 (compatible; Yahoo! Slurp; http://help.yahoo.com/help/us/ysearch/slurp)"
123.125.71.26 - - [12/May/2011:16:30:42 -0500] "GET / HTTP/1.1" 200 1156 "-" "Mozilla/5.0 (compatible; Baiduspider/2.0; +http://www.baidu.com/search/spider.html)"
67.160.200.121 - - [12/May/2011:19:20:44 -0500] "GET /favicon.ico HTTP/1.1" 404 504 "-" "Mozilla/5.0 (Macintosh; Intel Mac OS X 10.6; rv:2.0.1) Gecko/20100101 Firefox/4.0.1"
67.160.200.121 - - [12/May/2011:19:33:18 -0500] "GET / HTTP/1.1" 200 1194 "-" "Mozilla/5.0 (Macintosh; Intel Mac OS X 10.6; rv:2.0.1) Gecko/20100101 Firefox/4.0.1"
67.160.200.121 - - [12/May/2011:19:33:20 -0500] "GET /media/style_soon.css HTTP/1.1" 200 1634 "http://instasaic.com/" "Mozilla/5.0 (Macintosh; Intel Mac OS X 10.6; rv:2.0.1) Gecko/20100101 Firefox/4.0.1"
67.160.200.121 - - [12/May/2011:19:33:20 -0500] "GET /media/javascripts/jquery.tipsy.js HTTP/1.1" 200 1589 "http://instasaic.com/" "Mozilla/5.0 (Macintosh; Intel Mac OS X 10.6; rv:2.0.1) Gecko/20100101 Firefox/4.0.1"
67.160.200.121 - - [12/May/2011:19:33:21 -0500] "GET /media/images/bg.png HTTP/1.1" 200 16197 "http://instasaic.com/media/style_soon.css" "Mozilla/5.0 (Macintosh; Intel Mac OS X 10.6; rv:2.0.1) Gecko/20100101 Firefox/4.0.1"
67.160.200.121 - - [12/May/2011:19:33:22 -0500] "GET /media/images/divider.png HTTP/1.1" 200 3063 "http://instasaic.com/media/style_soon.css" "Mozilla/5.0 (Macintosh; Intel Mac OS X 10.6; rv:2.0.1) Gecko/20100101 Firefox/4.0.1"
67.160.200.121 - - [12/May/2011:19:33:22 -0500] "GET /media/fonts/League_Gothic-webfont.woff HTTP/1.1" 200 23105 "http://instasaic.com/media/style_soon.css" "Mozilla/5.0 (Macintosh; Intel Mac OS X 10.6; rv:2.0.1) Gecko/20100101 Firefox/4.0.1"
67.160.200.121 - - [12/May/2011:19:33:22 -0500] "GET /media/images/progress-container.png HTTP/1.1" 200 6433 "http://instasaic.com/media/style_soon.css" "Mozilla/5.0 (Macintosh; Intel Mac OS X 10.6; rv:2.0.1) Gecko/20100101 Firefox/4.0.1"
67.160.200.121 - - [12/May/2011:19:33:22 -0500] "GET /media/images/form-bg.png HTTP/1.1" 200 3544 "http://instasaic.com/media/style_soon.css" "Mozilla/5.0 (Macintosh; Intel Mac OS X 10.6; rv:2.0.1) Gecko/20100101 Firefox/4.0.1"
67.160.200.121 - - [12/May/2011:19:33:22 -0500] "GET /media/images/txt-launch-day-hat.png HTTP/1.1" 200 6106 "http://instasaic.com/media/style_soon.css" "Mozilla/5.0 (Macintosh; Intel Mac OS X 10.6; rv:2.0.1) Gecko/20100101 Firefox/4.0.1"
67.160.200.121 - - [12/May/2011:19:33:22 -0500] "GET /media/images/progress-bar.png HTTP/1.1" 200 4687 "http://instasaic.com/media/style_soon.css" "Mozilla/5.0 (Macintosh; Intel Mac OS X 10.6; rv:2.0.1) Gecko/20100101 Firefox/4.0.1"
67.160.200.121 - - [12/May/2011:19:33:22 -0500] "GET /media/images/btn-subscribe.png HTTP/1.1" 200 8659 "http://instasaic.com/media/style_soon.css" "Mozilla/5.0 (Macintosh; Intel Mac OS X 10.6; rv:2.0.1) Gecko/20100101 Firefox/4.0.1"
67.160.200.121 - - [12/May/2011:19:33:22 -0500] "GET /media/images/bg-light.png HTTP/1.1" 200 416472 "http://instasaic.com/media/style_soon.css" "Mozilla/5.0 (Macintosh; Intel Mac OS X 10.6; rv:2.0.1) Gecko/20100101 Firefox/4.0.1"
67.160.200.121 - - [12/May/2011:19:33:28 -0500] "GET /favicon.ico HTTP/1.1" 404 503 "-" "Mozilla/5.0 (Macintosh; Intel Mac OS X 10.6; rv:2.0.1) Gecko/20100101 Firefox/4.0.1"
67.160.200.121 - - [12/May/2011:19:33:28 -0500] "GET /favicon.ico HTTP/1.1" 404 503 "-" "Mozilla/5.0 (Macintosh; Intel Mac OS X 10.6; rv:2.0.1) Gecko/20100101 Firefox/4.0.1"
66.249.68.196 - - [12/May/2011:21:44:45 -0500] "GET /robots.txt HTTP/1.1" 404 503 "-" "Mozilla/5.0 (compatible; Googlebot/2.1; +http://www.google.com/bot.html)"
66.249.68.196 - - [12/May/2011:21:44:45 -0500] "GET / HTTP/1.1" 200 1193 "-" "Mozilla/5.0 (compatible; Googlebot/2.1; +http://www.google.com/bot.html)"
113.106.106.131 - - [13/May/2011:14:24:43 -0500] "GET / HTTP/1.1" 200 1981 "-" "Mozilla/4.0 (compatible; MSIE 6.0; Windows NT 5.1; SV1; .NET CLR 2.0.50727; MAXTHON 2.0)"
38.99.82.197 - - [14/May/2011:04:32:25 +0000] "GET /robots.txt HTTP/1.0" 404 465 "-" "Mozilla/5.0 (X11; U; Linux i686; en-US; rv:1.8.1.19) Gecko/20081202 Firefox (Debian-2.0.0.19-0etch1)"
38.99.82.197 - - [13/May/2011:23:32:25 -0500] "GET / HTTP/1.0" 200 1111 "-" "Mozilla/5.0 (X11; U; Linux i686; en-US; rv:1.8.1.19) Gecko/20081202 Firefox (Debian-2.0.0.19-0etch1)"
38.99.82.197 - - [13/May/2011:23:32:26 -0500] "GET /media/style_soon.css HTTP/1.1" 200 4424 "-" "Mozilla/4.0 (compatible; MSIE5.0; Windows NT; DigExt)"
38.99.82.197 - - [14/May/2011:01:33:35 -0500] "GET /robots.txt HTTP/1.0" 404 465 "-" "Mozilla/5.0 (X11; U; Linux i686; en-US; rv:1.8.1.19) Gecko/20081202 Firefox (Debian-2.0.0.19-0etch1)"
38.99.82.197 - - [14/May/2011:01:33:35 -0500] "GET / HTTP/1.0" 200 1111 "-" "Mozilla/5.0 (X11; U; Linux i686; en-US; rv:1.8.1.19) Gecko/20081202 Firefox (Debian-2.0.0.19-0etch1)"
38.99.82.197 - - [14/May/2011:02:14:59 -0500] "GET /media/javascripts/jquery.tipsy.js HTTP/1.0" 200 1506 "-" "Mozilla/5.0 (X11; U; Linux i686; en-US; rv:1.8.1.19) Gecko/20081202 Firefox (Debian-2.0.0.19-0etch1)"
38.99.82.196 - - [14/May/2011:07:06:16 -0500] "GET /robots.txt HTTP/1.0" 404 465 "-" "Mozilla/5.0 (X11; U; Linux i686; en-US; rv:1.8.1.19) Gecko/20081202 Firefox (Debian-2.0.0.19-0etch1)"
38.99.82.196 - - [14/May/2011:07:06:16 -0500] "GET / HTTP/1.0" 200 1111 "-" "Mozilla/5.0 (X11; U; Linux i686; en-US; rv:1.8.1.19) Gecko/20081202 Firefox (Debian-2.0.0.19-0etch1)"
38.99.82.195 - - [14/May/2011:11:27:15 -0500] "GET /robots.txt HTTP/1.0" 404 465 "-" "Mozilla/5.0 (X11; U; Linux i686; en-US; rv:1.8.1.19) Gecko/20081202 Firefox (Debian-2.0.0.19-0etch1)"
38.99.82.195 - - [14/May/2011:11:27:15 -0500] "GET / HTTP/1.0" 200 1111 "-" "Mozilla/5.0 (X11; U; Linux i686; en-US; rv:1.8.1.19) Gecko/20081202 Firefox (Debian-2.0.0.19-0etch1)"
38.99.82.193 - - [14/May/2011:15:48:15 -0500] "GET /robots.txt HTTP/1.0" 404 465 "-" "Mozilla/5.0 (X11; U; Linux i686; en-US; rv:1.8.1.19) Gecko/20081202 Firefox (Debian-2.0.0.19-0etch1)"
38.99.82.193 - - [14/May/2011:15:48:15 -0500] "GET / HTTP/1.0" 200 1111 "-" "Mozilla/5.0 (X11; U; Linux i686; en-US; rv:1.8.1.19) Gecko/20081202 Firefox (Debian-2.0.0.19-0etch1)"
66.249.68.251 - - [14/May/2011:19:16:18 -0500] "GET /robots.txt HTTP/1.1" 404 506 "-" "Mozilla/5.0 (compatible; Googlebot/2.1; +http://www.google.com/bot.html)"
66.249.68.251 - - [14/May/2011:19:16:18 -0500] "GET / HTTP/1.1" 200 1193 "-" "Mozilla/5.0 (compatible; Googlebot/2.1; +http://www.google.com/bot.html)"
174.129.117.237 - - [14/May/2011:22:29:26 -0500] "HEAD / HTTP/1.1" 200 202 "-" "Mozilla/5.0 (Windows; U; Windows NT 5.1; en-US) AppleWebKit/525.13 (KHTML, like Gecko) Chrome/0.A.B.C Safari/525.13"
67.160.200.121 - - [15/May/2011:02:05:42 -0500] "GET / HTTP/1.1" 200 1194 "-" "Mozilla/5.0 (Macintosh; Intel Mac OS X 10.6; rv:2.0.1) Gecko/20100101 Firefox/4.0.1 FirePHP/0.5"
67.160.200.121 - - [15/May/2011:02:05:43 -0500] "GET /media/style_soon.css HTTP/1.1" 304 177 "http://instasaic.com/" "Mozilla/5.0 (Macintosh; Intel Mac OS X 10.6; rv:2.0.1) Gecko/20100101 Firefox/4.0.1 FirePHP/0.5"
67.160.200.121 - - [15/May/2011:02:05:43 -0500] "GET /media/javascripts/jquery.tipsy.js HTTP/1.1" 304 178 "http://instasaic.com/" "Mozilla/5.0 (Macintosh; Intel Mac OS X 10.6; rv:2.0.1) Gecko/20100101 Firefox/4.0.1 FirePHP/0.5"
67.160.200.121 - - [15/May/2011:02:05:45 -0500] "GET /media/images/bg.png HTTP/1.1" 304 154 "http://instasaic.com/media/style_soon.css" "Mozilla/5.0 (Macintosh; Intel Mac OS X 10.6; rv:2.0.1) Gecko/20100101 Firefox/4.0.1 FirePHP/0.5"
67.160.200.121 - - [15/May/2011:02:05:45 -0500] "GET /media/images/bg-light.png HTTP/1.1" 304 154 "http://instasaic.com/media/style_soon.css" "Mozilla/5.0 (Macintosh; Intel Mac OS X 10.6; rv:2.0.1) Gecko/20100101 Firefox/4.0.1 FirePHP/0.5"
67.160.200.121 - - [15/May/2011:02:05:45 -0500] "GET /media/fonts/League_Gothic-webfont.woff HTTP/1.1" 304 154 "http://instasaic.com/media/style_soon.css" "Mozilla/5.0 (Macintosh; Intel Mac OS X 10.6; rv:2.0.1) Gecko/20100101 Firefox/4.0.1 FirePHP/0.5"
67.160.200.121 - - [15/May/2011:02:05:45 -0500] "GET /media/images/form-bg.png HTTP/1.1" 304 154 "http://instasaic.com/media/style_soon.css" "Mozilla/5.0 (Macintosh; Intel Mac OS X 10.6; rv:2.0.1) Gecko/20100101 Firefox/4.0.1 FirePHP/0.5"
67.160.200.121 - - [15/May/2011:02:05:45 -0500] "GET /media/images/btn-subscribe.png HTTP/1.1" 304 154 "http://instasaic.com/media/style_soon.css" "Mozilla/5.0 (Macintosh; Intel Mac OS X 10.6; rv:2.0.1) Gecko/20100101 Firefox/4.0.1 FirePHP/0.5"
67.160.200.121 - - [15/May/2011:02:05:45 -0500] "GET /media/images/progress-bar.png HTTP/1.1" 304 155 "http://instasaic.com/media/style_soon.css" "Mozilla/5.0 (Macintosh; Intel Mac OS X 10.6; rv:2.0.1) Gecko/20100101 Firefox/4.0.1 FirePHP/0.5"
67.160.200.121 - - [15/May/2011:02:05:45 -0500] "GET /media/images/divider.png HTTP/1.1" 304 155 "http://instasaic.com/media/style_soon.css" "Mozilla/5.0 (Macintosh; Intel Mac OS X 10.6; rv:2.0.1) Gecko/20100101 Firefox/4.0.1 FirePHP/0.5"
67.160.200.121 - - [15/May/2011:02:05:46 -0500] "GET /media/images/progress-container.png HTTP/1.1" 304 155 "http://instasaic.com/media/style_soon.css" "Mozilla/5.0 (Macintosh; Intel Mac OS X 10.6; rv:2.0.1) Gecko/20100101 Firefox/4.0.1 FirePHP/0.5"
67.160.200.121 - - [15/May/2011:02:05:47 -0500] "GET /media/images/txt-launch-day-hat.png HTTP/1.1" 304 155 "http://instasaic.com/media/style_soon.css" "Mozilla/5.0 (Macintosh; Intel Mac OS X 10.6; rv:2.0.1) Gecko/20100101 Firefox/4.0.1 FirePHP/0.5"
123.125.71.33 - - [15/May/2011:16:14:20 -0500] "GET / HTTP/1.1" 200 1156 "-" "Mozilla/5.0 (compatible; Baiduspider/2.0; +http://www.baidu.com/search/spider.html)"
72.30.161.232 - - [15/May/2011:21:21:57 +0000] "GET /robots.txt HTTP/1.0" 404 468 "-" "Mozilla/5.0 (compatible; Yahoo! Slurp; http://help.yahoo.com/help/us/ysearch/slurp)"
72.30.161.232 - - [15/May/2011:16:21:57 -0500] "GET / HTTP/1.0" 200 1111 "-" "Mozilla/5.0 (compatible; Yahoo! Slurp; http://help.yahoo.com/help/us/ysearch/slurp)"
220.181.108.105 - - [16/May/2011:05:51:53 -0500] "GET /robots.txt HTTP/1.1" 404 465 "-" "Baiduspider+(+http://www.baidu.com/search/spider.htm)"
216.139.245.172 - - [16/May/2011:23:24:01 -0500] "HEAD / HTTP/1.0" 200 215 "-" "Mozilla/4.0 (compatible; MSIE 7.0; Windows NT 5.1)"
216.139.245.172 - - [16/May/2011:23:24:02 -0500] "GET / HTTP/1.0" 200 1960 "-" "Mozilla/4.0 (compatible; MSIE 7.0; Windows NT 5.1)"
220.181.108.112 - - [17/May/2011:00:31:28 -0500] "GET /robots.txt HTTP/1.1" 404 465 "-" "Baiduspider+(+http://www.baidu.com/search/spider.htm)"
66.249.68.251 - - [18/May/2011:01:53:43 -0500] "GET /robots.txt HTTP/1.1" 404 506 "-" "Mozilla/5.0 (compatible; Googlebot/2.1; +http://www.google.com/bot.html)"
66.249.68.251 - - [18/May/2011:01:53:43 -0500] "GET / HTTP/1.1" 200 1193 "-" "Mozilla/5.0 (compatible; Googlebot/2.1; +http://www.google.com/bot.html)"
174.129.117.237 - - [18/May/2011:03:26:10 -0500] "HEAD / HTTP/1.1" 200 202 "-" "Mozilla/5.0 (Windows; U; Windows NT 5.1; en-US) AppleWebKit/525.13 (KHTML, like Gecko) Chrome/0.A.B.C Safari/525.13"
66.249.68.196 - - [18/May/2011:05:18:54 -0500] "GET /robots.txt HTTP/1.1" 404 503 "-" "SAMSUNG-SGH-E250/1.0 Profile/MIDP-2.0 Configuration/CLDC-1.1 UP.Browser/6.2.3.3.c.1.101 (GUI) MMP/2.0 (compatible; Googlebot-Mobile/2.1; +http://www.google.com/bot.html)"
66.249.68.196 - - [18/May/2011:05:18:54 -0500] "GET / HTTP/1.1" 200 1193 "-" "SAMSUNG-SGH-E250/1.0 Profile/MIDP-2.0 Configuration/CLDC-1.1 UP.Browser/6.2.3.3.c.1.101 (GUI) MMP/2.0 (compatible; Googlebot-Mobile/2.1; +http://www.google.com/bot.html)"
67.195.112.252 - - [19/May/2011:04:03:51 -0500] "GET /robots.txt HTTP/1.0" 404 468 "-" "Mozilla/5.0 (compatible; Yahoo! Slurp; http://help.yahoo.com/help/us/ysearch/slurp)"
67.195.112.252 - - [19/May/2011:04:03:51 -0500] "GET / HTTP/1.0" 200 1111 "-" "Mozilla/5.0 (compatible; Yahoo! Slurp; http://help.yahoo.com/help/us/ysearch/slurp)"
67.195.112.252 - - [19/May/2011:04:03:52 -0500] "GET /media/style_soon.css HTTP/1.0" 200 1552 "http://www.instasaic.com/" "Mozilla/5.0 (compatible; Yahoo! Slurp; http://help.yahoo.com/help/us/ysearch/slurp)"
64.246.165.190 - - [20/May/2011:03:48:18 +0000] "GET /robots.txt HTTP/1.0" 404 494 "-" "Mozilla/5.0 (Windows; U; Windows NT 5.1; en; rv:1.9.0.13) Gecko/2009073022 Firefox/3.5.2 (.NET CLR 3.5.30729) SurveyBot/2.3 (DomainTools)"
64.246.165.190 - - [19/May/2011:22:48:18 -0500] "GET / HTTP/1.1" 200 1156 "http://whois.domaintools.com/instasaic.com" "Mozilla/5.0 (Windows; U; Windows NT 5.1; en; rv:1.9.0.13) Gecko/2009073022 Firefox/3.5.2 (.NET CLR 3.5.30729) SurveyBot/2.3 (DomainTools)"
123.125.71.12 - - [20/May/2011:15:01:14 -0500] "GET / HTTP/1.1" 200 1156 "-" "Mozilla/5.0 (compatible; Baiduspider/2.0; +http://www.baidu.com/search/spider.html)"
123.125.71.14 - - [21/May/2011:01:51:02 -0500] "GET / HTTP/1.1" 200 1156 "-" "Mozilla/5.0 (compatible; Baiduspider/2.0; +http://www.baidu.com/search/spider.html)"
66.249.68.251 - - [21/May/2011:02:44:43 -0500] "GET /robots.txt HTTP/1.1" 404 506 "-" "Mozilla/5.0 (compatible; Googlebot/2.1; +http://www.google.com/bot.html)"
66.249.68.251 - - [21/May/2011:02:44:43 -0500] "GET / HTTP/1.1" 200 1193 "-" "Mozilla/5.0 (compatible; Googlebot/2.1; +http://www.google.com/bot.html)"
66.249.68.196 - - [21/May/2011:04:41:40 -0500] "GET /robots.txt HTTP/1.1" 404 503 "-" "Mozilla/5.0 (compatible; Googlebot/2.1; +http://www.google.com/bot.html)"
66.249.68.196 - - [21/May/2011:04:41:40 -0500] "GET / HTTP/1.1" 200 1193 "-" "Mozilla/5.0 (compatible; Googlebot/2.1; +http://www.google.com/bot.html)"
174.129.117.237 - - [21/May/2011:08:50:02 -0500] "HEAD / HTTP/1.1" 200 202 "-" "Mozilla/5.0 (Windows; U; Windows NT 5.1; en-US) AppleWebKit/525.13 (KHTML, like Gecko) Chrome/0.A.B.C Safari/525.13"
206.183.1.74 - - [21/May/2011:09:23:41 -0500] "GET /robots.txt HTTP/1.1" 404 506 "-" "Mozilla/4.0 (compatible; http://search.thunderstone.com/texis/websearch/about.html)"
206.183.1.74 - - [21/May/2011:09:23:41 -0500] "GET / HTTP/1.1" 200 1193 "-" "Mozilla/4.0 (compatible; http://search.thunderstone.com/texis/websearch/about.html)"
206.183.1.74 - - [21/May/2011:09:23:42 -0500] "GET /media/javascripts/jquery.tipsy.js HTTP/1.1" 200 1588 "-" "Mozilla/4.0 (compatible; http://search.thunderstone.com/texis/websearch/about.html)"
220.181.108.117 - - [23/May/2011:09:27:54 -0500] "GET /robots.txt HTTP/1.1" 404 465 "-" "Baiduspider+(+http://www.baidu.com/search/spider.htm)"
66.249.68.196 - - [23/May/2011:18:45:27 -0500] "GET /robots.txt HTTP/1.1" 404 503 "-" "Mozilla/5.0 (compatible; Googlebot/2.1; +http://www.google.com/bot.html)"
66.249.68.196 - - [23/May/2011:18:45:27 -0500] "GET /media/style_soon.css HTTP/1.1" 200 1634 "-" "Mozilla/5.0 (compatible; Googlebot/2.1; +http://www.google.com/bot.html)"
66.249.68.196 - - [23/May/2011:18:45:27 -0500] "GET /media/javascripts/jquery.tipsy.js HTTP/1.1" 200 1588 "-" "Mozilla/5.0 (compatible; Googlebot/2.1; +http://www.google.com/bot.html)"
65.52.110.82 - - [24/May/2011:03:32:50 -0500] "GET /robots.txt HTTP/1.1" 404 528 "-" "Mozilla/5.0 (compatible; bingbot/2.0; +http://www.bing.com/bingbot.htm)"
65.52.110.82 - - [24/May/2011:03:33:37 -0500] "GET / HTTP/1.1" 200 1194 "-" "Mozilla/5.0 (compatible; bingbot/2.0; +http://www.bing.com/bingbot.htm)"
174.129.117.237 - - [24/May/2011:14:04:08 -0500] "HEAD / HTTP/1.1" 200 202 "-" "Mozilla/5.0 (Windows; U; Windows NT 5.1; en-US) AppleWebKit/525.13 (KHTML, like Gecko) Chrome/0.A.B.C Safari/525.13"
67.195.112.252 - - [26/May/2011:04:06:53 -0500] "GET /robots.txt HTTP/1.0" 404 468 "-" "Mozilla/5.0 (compatible; Yahoo! Slurp; http://help.yahoo.com/help/us/ysearch/slurp)"
67.195.112.252 - - [26/May/2011:04:06:53 -0500] "GET / HTTP/1.0" 200 1111 "-" "Mozilla/5.0 (compatible; Yahoo! Slurp; http://help.yahoo.com/help/us/ysearch/slurp)"
67.195.112.252 - - [26/May/2011:04:06:54 -0500] "GET /media/style_soon.css HTTP/1.0" 200 1552 "http://www.instasaic.com/" "Mozilla/5.0 (compatible; Yahoo! Slurp; http://help.yahoo.com/help/us/ysearch/slurp)"
123.125.71.18 - - [26/May/2011:22:50:25 -0500] "GET / HTTP/1.1" 200 1156 "-" "Mozilla/5.0 (compatible; Baiduspider/2.0; +http://www.baidu.com/search/spider.html)"
220.181.108.103 - - [27/May/2011:07:56:57 -0500] "GET /robots.txt HTTP/1.1" 404 465 "-" "Baiduspider+(+http://www.baidu.com/search/spider.htm)"
174.129.117.237 - - [27/May/2011:20:04:36 -0500] "HEAD / HTTP/1.1" 200 202 "-" "Mozilla/5.0 (Windows; U; Windows NT 5.1; en-US) AppleWebKit/525.13 (KHTML, like Gecko) Chrome/0.A.B.C Safari/525.13"
123.125.71.19 - - [27/May/2011:23:53:13 -0500] "GET / HTTP/1.1" 200 1156 "-" "Mozilla/5.0 (compatible; Baiduspider/2.0; +http://www.baidu.com/search/spider.html)"
123.125.71.13 - - [28/May/2011:14:17:17 -0500] "GET / HTTP/1.1" 200 1156 "-" "Mozilla/5.0 (compatible; Baiduspider/2.0; +http://www.baidu.com/search/spider.html)"
66.249.67.161 - - [28/May/2011:16:56:17 -0500] "GET /robots.txt HTTP/1.1" 404 503 "-" "DoCoMo/2.0 N905i(c100;TB;W24H16) (compatible; Googlebot-Mobile/2.1; +http://www.google.com/bot.html)"
66.249.67.161 - - [28/May/2011:16:56:17 -0500] "GET / HTTP/1.1" 200 1193 "-" "DoCoMo/2.0 N905i(c100;TB;W24H16) (compatible; Googlebot-Mobile/2.1; +http://www.google.com/bot.html)"
67.202.2.63 - - [28/May/2011:17:13:14 -0500] "GET / HTTP/1.0" 200 1960 "-" "Mozilla/5.0 (compatible; NetcraftSurveyAgent/1.0; +info@netcraft.com)"
66.249.67.230 - - [29/May/2011:05:24:03 -0500] "GET /robots.txt HTTP/1.1" 404 506 "-" "Mozilla/5.0 (compatible; Googlebot/2.1; +http://www.google.com/bot.html)"
66.249.67.230 - - [29/May/2011:05:24:03 -0500] "GET / HTTP/1.1" 200 1193 "-" "Mozilla/5.0 (compatible; Googlebot/2.1; +http://www.google.com/bot.html)"
220.181.108.101 - - [29/May/2011:07:44:44 -0500] "GET /robots.txt HTTP/1.1" 404 465 "-" "Baiduspider+(+http://www.baidu.com/search/spider.htm)"
220.181.108.103 - - [30/May/2011:09:07:00 -0500] "GET /robots.txt HTTP/1.1" 404 465 "-" "Baiduspider+(+http://www.baidu.com/search/spider.htm)"
123.125.71.21 - - [30/May/2011:12:37:08 -0500] "GET / HTTP/1.1" 200 1156 "-" "Mozilla/5.0 (compatible; Baiduspider/2.0; +http://www.baidu.com/search/spider.html)"
174.129.117.237 - - [31/May/2011:01:33:36 -0500] "HEAD / HTTP/1.1" 200 202 "-" "Mozilla/5.0 (Windows; U; Windows NT 5.1; en-US) AppleWebKit/525.13 (KHTML, like Gecko) Chrome/0.A.B.C Safari/525.13"
123.125.71.17 - - [31/May/2011:07:58:00 -0500] "GET / HTTP/1.1" 200 1156 "-" "Mozilla/5.0 (compatible; Baiduspider/2.0; +http://www.baidu.com/search/spider.html)"
216.145.17.190 - - [01/Jun/2011:00:54:03 -0500] "GET /robots.txt HTTP/1.0" 404 494 "-" "Mozilla/5.0 (Windows; U; Windows NT 5.1; en; rv:1.9.0.13) Gecko/2009073022 Firefox/3.5.2 (.NET CLR 3.5.30729) SurveyBot/2.3 (DomainTools)"
216.145.17.190 - - [01/Jun/2011:00:54:03 -0500] "GET / HTTP/1.1" 200 1156 "http://whois.domaintools.com/instasaic.com" "Mozilla/5.0 (Windows; U; Windows NT 5.1; en; rv:1.9.0.13) Gecko/2009073022 Firefox/3.5.2 (.NET CLR 3.5.30729) SurveyBot/2.3 (DomainTools)"
119.63.196.118 - - [01/Jun/2011:23:02:27 -0500] "GET /robots.txt HTTP/1.1" 404 465 "-" "Baiduspider+(+http://www.baidu.com/search/spider.htm)"
67.195.111.34 - - [02/Jun/2011:04:13:31 -0500] "GET /robots.txt HTTP/1.0" 404 468 "-" "Mozilla/5.0 (compatible; Yahoo! Slurp; http://help.yahoo.com/help/us/ysearch/slurp)"
67.195.111.34 - - [02/Jun/2011:04:13:31 -0500] "GET / HTTP/1.0" 200 1111 "-" "Mozilla/5.0 (compatible; Yahoo! Slurp; http://help.yahoo.com/help/us/ysearch/slurp)"
67.195.111.34 - - [02/Jun/2011:04:13:32 -0500] "GET /media/style_soon.css HTTP/1.0" 200 1552 "http://www.instasaic.com/" "Mozilla/5.0 (compatible; Yahoo! Slurp; http://help.yahoo.com/help/us/ysearch/slurp)"
119.63.196.79 - - [02/Jun/2011:23:09:00 -0500] "GET /robots.txt HTTP/1.1" 404 465 "-" "Baiduspider+(+http://www.baidu.com/search/spider.htm)"
119.63.196.35 - - [03/Jun/2011:06:16:35 -0500] "GET / HTTP/1.1" 200 1156 "-" "Mozilla/5.0 (compatible; Baiduspider/2.0; +http://www.baidu.com/search/spider.html)"
123.125.71.36 - - [03/Jun/2011:08:38:08 -0500] "GET /robots.txt HTTP/1.1" 404 465 "-" "Baiduspider+(+http://www.baidu.com/search/spider.htm)"
123.125.71.18 - - [03/Jun/2011:11:44:45 -0500] "GET / HTTP/1.1" 200 1156 "-" "Mozilla/5.0 (compatible; Baiduspider/2.0; +http://www.baidu.com/search/spider.html)"
119.63.196.34 - - [03/Jun/2011:21:59:50 -0500] "GET /media/style_soon.css HTTP/1.1" 200 1597 "-" "Mozilla/5.0 (compatible; Baiduspider/2.0; +http://www.baidu.com/search/spider.html)"
67.195.115.183 - - [04/Jun/2011:10:44:03 -0500] "GET /robots.txt HTTP/1.0" 404 465 "-" "Mozilla/5.0 (compatible; Yahoo! Slurp; http://help.yahoo.com/help/us/ysearch/slurp)"
67.195.115.183 - - [04/Jun/2011:10:44:03 -0500] "GET / HTTP/1.0" 200 1111 "-" "Mozilla/5.0 (compatible; Yahoo! Slurp; http://help.yahoo.com/help/us/ysearch/slurp)"
67.195.115.183 - - [04/Jun/2011:10:44:04 -0500] "GET /media/style_soon.css HTTP/1.0" 200 1552 "http://instasaic.com/" "Mozilla/5.0 (compatible; Yahoo! Slurp; http://help.yahoo.com/help/us/ysearch/slurp)"
119.63.196.36 - - [05/Jun/2011:01:44:44 -0500] "GET / HTTP/1.1" 200 1156 "-" "Mozilla/5.0 (compatible; Baiduspider/2.0; +http://www.baidu.com/search/spider.html)"
123.125.71.31 - - [05/Jun/2011:13:03:09 -0500] "GET / HTTP/1.1" 200 1156 "-" "Mozilla/5.0 (compatible; Baiduspider/2.0; +http://www.baidu.com/search/spider.html)"
119.63.196.70 - - [06/Jun/2011:01:16:46 -0500] "GET / HTTP/1.1" 200 1156 "-" "Mozilla/5.0 (compatible; Baiduspider/2.0; +http://www.baidu.com/search/spider.html)"
72.94.249.37 - - [06/Jun/2011:13:38:08 -0500] "GET / HTTP/1.1" 200 2000 "-" "Mozilla/4.0 (compatible; MSIE 6.0; Windows NT 5.1; SV1; .NET CLR 1.1.4322)"
174.129.117.237 - - [06/Jun/2011:14:24:36 -0500] "HEAD / HTTP/1.1" 200 202 "-" "Mozilla/5.0 (Windows; U; Windows NT 5.1; en-US) AppleWebKit/525.13 (KHTML, like Gecko) Chrome/0.A.B.C Safari/525.13"
119.63.196.36 - - [07/Jun/2011:01:14:43 -0500] "GET / HTTP/1.1" 200 1156 "-" "Mozilla/5.0 (compatible; Baiduspider/2.0; +http://www.baidu.com/search/spider.html)"
119.63.196.9 - - [07/Jun/2011:01:27:07 -0500] "GET /robots.txt HTTP/1.1" 404 465 "-" "Baiduspider+(+http://www.baidu.com/search/spider.htm)"
66.249.67.161 - - [07/Jun/2011:03:23:02 -0500] "GET /robots.txt HTTP/1.1" 404 503 "-" "SAMSUNG-SGH-E250/1.0 Profile/MIDP-2.0 Configuration/CLDC-1.1 UP.Browser/6.2.3.3.c.1.101 (GUI) MMP/2.0 (compatible; Googlebot-Mobile/2.1; +http://www.google.com/bot.html)"
66.249.67.161 - - [07/Jun/2011:03:23:02 -0500] "GET / HTTP/1.1" 200 1193 "-" "SAMSUNG-SGH-E250/1.0 Profile/MIDP-2.0 Configuration/CLDC-1.1 UP.Browser/6.2.3.3.c.1.101 (GUI) MMP/2.0 (compatible; Googlebot-Mobile/2.1; +http://www.google.com/bot.html)"
50.19.158.117 - - [07/Jun/2011:04:26:58 -0500] "GET / HTTP/1.0" 200 1960 "-" "Mozilla/5.0 (compatible; NetcraftSurveyAgent/1.0; +info@netcraft.com)"
123.125.71.20 - - [07/Jun/2011:11:55:31 -0500] "GET / HTTP/1.1" 200 1156 "-" "Mozilla/5.0 (compatible; Baiduspider/2.0; +http://www.baidu.com/search/spider.html)"
119.63.196.97 - - [07/Jun/2011:23:21:17 -0500] "GET / HTTP/1.1" 200 1156 "-" "Mozilla/5.0 (compatible; Baiduspider/2.0; +http://www.baidu.com/search/spider.html)"
123.125.71.35 - - [08/Jun/2011:15:36:31 -0500] "GET / HTTP/1.1" 200 1156 "-" "Mozilla/5.0 (compatible; Baiduspider/2.0; +http://www.baidu.com/search/spider.html)"
67.195.112.179 - - [09/Jun/2011:04:15:11 -0500] "GET /robots.txt HTTP/1.0" 404 468 "-" "Mozilla/5.0 (compatible; Yahoo! Slurp; http://help.yahoo.com/help/us/ysearch/slurp)"
67.195.112.179 - - [09/Jun/2011:04:15:11 -0500] "GET / HTTP/1.0" 200 1111 "-" "Mozilla/5.0 (compatible; Yahoo! Slurp; http://help.yahoo.com/help/us/ysearch/slurp)"
67.195.112.179 - - [09/Jun/2011:04:15:12 -0500] "GET /media/style_soon.css HTTP/1.0" 200 1552 "http://www.instasaic.com/" "Mozilla/5.0 (compatible; Yahoo! Slurp; http://help.yahoo.com/help/us/ysearch/slurp)"
119.63.196.101 - - [09/Jun/2011:04:28:26 -0500] "GET / HTTP/1.1" 200 1156 "-" "Mozilla/5.0 (compatible; Baiduspider/2.0; +http://www.baidu.com/search/spider.html)"
123.125.71.15 - - [09/Jun/2011:10:57:01 -0500] "GET / HTTP/1.1" 200 1156 "-" "Mozilla/5.0 (compatible; Baiduspider/2.0; +http://www.baidu.com/search/spider.html)"
174.129.117.237 - - [09/Jun/2011:22:33:45 -0500] "HEAD / HTTP/1.1" 200 202 "-" "Mozilla/5.0 (Windows; U; Windows NT 5.1; en-US) AppleWebKit/525.13 (KHTML, like Gecko) Chrome/0.A.B.C Safari/525.13"
207.46.13.139 - - [10/Jun/2011:03:34:18 -0500] "GET /robots.txt HTTP/1.1" 404 528 "-" "Mozilla/5.0 (compatible; bingbot/2.0; +http://www.bing.com/bingbot.htm)"
207.46.13.139 - - [10/Jun/2011:03:36:43 -0500] "GET / HTTP/1.1" 200 1194 "-" "Mozilla/5.0 (compatible; bingbot/2.0; +http://www.bing.com/bingbot.htm)"
119.63.196.105 - - [11/Jun/2011:04:54:57 -0500] "GET /robots.txt HTTP/1.1" 404 465 "-" "Baiduspider+(+http://www.baidu.com/search/spider.htm)"
119.63.196.69 - - [11/Jun/2011:05:25:34 -0500] "GET / HTTP/1.1" 200 1156 "-" "Mozilla/5.0 (compatible; Baiduspider/2.0; +http://www.baidu.com/search/spider.html)"
66.249.71.231 - - [11/Jun/2011:07:16:52 -0500] "GET /robots.txt HTTP/1.1" 404 503 "-" "Mozilla/5.0 (compatible; Googlebot/2.1; +http://www.google.com/bot.html)"
66.249.71.231 - - [11/Jun/2011:07:16:52 -0500] "GET / HTTP/1.1" 200 1193 "-" "Mozilla/5.0 (compatible; Googlebot/2.1; +http://www.google.com/bot.html)"
67.195.111.55 - - [11/Jun/2011:10:45:40 -0500] "GET /robots.txt HTTP/1.0" 404 465 "-" "Mozilla/5.0 (compatible; Yahoo! Slurp; http://help.yahoo.com/help/us/ysearch/slurp)"
67.195.111.55 - - [11/Jun/2011:10:45:40 -0500] "GET / HTTP/1.0" 200 1111 "-" "Mozilla/5.0 (compatible; Yahoo! Slurp; http://help.yahoo.com/help/us/ysearch/slurp)"
67.195.111.55 - - [11/Jun/2011:10:45:42 -0500] "GET /media/style_soon.css HTTP/1.0" 200 1552 "http://instasaic.com/" "Mozilla/5.0 (compatible; Yahoo! Slurp; http://help.yahoo.com/help/us/ysearch/slurp)"
123.125.71.25 - - [11/Jun/2011:18:13:09 -0500] "GET / HTTP/1.1" 200 1156 "-" "Mozilla/5.0 (compatible; Baiduspider/2.0; +http://www.baidu.com/search/spider.html)"
119.63.196.73 - - [12/Jun/2011:00:46:08 -0500] "GET /robots.txt HTTP/1.1" 404 465 "-" "Baiduspider+(+http://www.baidu.com/search/spider.htm)"
119.63.196.8 - - [12/Jun/2011:22:21:14 -0500] "GET / HTTP/1.1" 200 1156 "-" "Mozilla/5.0 (compatible; Baiduspider/2.0; +http://www.baidu.com/search/spider.html)"
69.58.178.57 - - [13/Jun/2011:00:52:08 -0500] "GET /robots.txt HTTP/1.1" 404 475 "-" "Mozilla/5.0 (X11; U; Linux i686; en-US; rv:1.9.1.3; ips-agent) Gecko/20090824 Fedora/1.0.7-1.1.fc4  Firefox/3.5.3"
69.58.178.57 - - [13/Jun/2011:00:52:09 -0500] "GET / HTTP/1.1" 200 1981 "-" "Mozilla/5.0 (X11; U; Linux i686; en-US; rv:1.9.1.3; ips-agent) Gecko/20090824 Fedora/1.0.7-1.1.fc4  Firefox/3.5.3"
69.58.178.57 - - [13/Jun/2011:00:57:03 -0500] "GET / HTTP/1.1" 200 1981 "-" "Mozilla/5.0 (X11; U; Linux i686; en-US; rv:1.9.1.3; ips-agent) Gecko/20090824 Fedora/1.0.7-1.1.fc4  Firefox/3.5.3"
64.246.161.190 - - [13/Jun/2011:01:53:12 -0500] "GET /robots.txt HTTP/1.0" 404 494 "-" "Mozilla/5.0 (Windows; U; Windows NT 5.1; en; rv:1.9.0.13) Gecko/2009073022 Firefox/3.5.2 (.NET CLR 3.5.30729) SurveyBot/2.3 (DomainTools)"
64.246.161.190 - - [13/Jun/2011:01:53:12 -0500] "GET / HTTP/1.1" 200 1156 "http://whois.domaintools.com/instasaic.com" "Mozilla/5.0 (Windows; U; Windows NT 5.1; en; rv:1.9.0.13) Gecko/2009073022 Firefox/3.5.2 (.NET CLR 3.5.30729) SurveyBot/2.3 (DomainTools)"
174.129.117.237 - - [13/Jun/2011:04:22:55 -0500] "HEAD / HTTP/1.1" 200 202 "-" "Mozilla/5.0 (Windows; U; Windows NT 5.1; en-US) AppleWebKit/525.13 (KHTML, like Gecko) Chrome/0.A.B.C Safari/525.13"
119.63.196.106 - - [14/Jun/2011:02:17:39 -0500] "GET /robots.txt HTTP/1.1" 404 465 "-" "Baiduspider+(+http://www.baidu.com/search/spider.htm)"
119.63.196.97 - - [14/Jun/2011:03:12:10 -0500] "GET / HTTP/1.1" 200 1156 "-" "Mozilla/5.0 (compatible; Baiduspider/2.0; +http://www.baidu.com/search/spider.html)"
123.125.71.15 - - [14/Jun/2011:12:47:18 -0500] "GET / HTTP/1.1" 200 1156 "-" "Mozilla/5.0 (compatible; Baiduspider/2.0; +http://www.baidu.com/search/spider.html)"
66.249.67.164 - - [14/Jun/2011:21:05:45 -0500] "GET /robots.txt HTTP/1.1" 404 503 "-" "Mozilla/5.0 (compatible; Googlebot/2.1; +http://www.google.com/bot.html)"
66.249.67.164 - - [14/Jun/2011:21:05:45 -0500] "GET / HTTP/1.1" 200 1193 "-" "Mozilla/5.0 (compatible; Googlebot/2.1; +http://www.google.com/bot.html)"
207.46.195.206 - - [15/Jun/2011:05:29:34 -0500] "GET / HTTP/1.1" 200 1194 "-" "Mozilla/4.0 (compatible; MSIE 6.0; Windows NT 5.1;  SV1;  .NET CLR 1.1.4325;  .NET CLR 2.0.50727;  .NET CLR 3.0.30729;  .NET CLR 3.5.30707;  MS-RTC LM 8)"
207.46.195.206 - - [15/Jun/2011:05:29:36 -0500] "GET /media/style_soon.css HTTP/1.1" 200 1634 "http://instasaic.com/" "Mozilla/4.0 (compatible; MSIE 6.0; Windows NT 5.1;  SV1;  .NET CLR 1.1.4325;  .NET CLR 2.0.50727;  .NET CLR 3.0.30729;  .NET CLR 3.5.30707;  MS-RTC LM 8)"
207.46.195.206 - - [15/Jun/2011:05:29:47 -0500] "GET /media/javascripts/jquery.tipsy.js HTTP/1.1" 200 1588 "http://instasaic.com/" "Mozilla/4.0 (compatible; MSIE 6.0; Windows NT 5.1;  SV1;  .NET CLR 1.1.4325;  .NET CLR 2.0.50727;  .NET CLR 3.0.30729;  .NET CLR 3.5.30707;  MS-RTC LM 8)"
38.100.21.13 - - [15/Jun/2011:22:24:37 -0500] "GET / HTTP/1.1" 200 2038 "-" "Mozilla/4.0 (compatible; MSIE 7.0; Windows NT 5.2)"
38.100.21.13 - - [15/Jun/2011:22:24:37 -0500] "GET /media/style_soon.css HTTP/1.1" 200 4449 "-" "Mozilla/4.0 (compatible; MSIE 7.0; Windows NT 5.2)"
119.63.196.5 - - [16/Jun/2011:03:04:36 -0500] "GET / HTTP/1.1" 200 1156 "-" "Mozilla/5.0 (compatible; Baiduspider/2.0; +http://www.baidu.com/search/spider.html)"
67.195.112.179 - - [16/Jun/2011:04:17:51 -0500] "GET /robots.txt HTTP/1.0" 404 468 "-" "Mozilla/5.0 (compatible; Yahoo! Slurp; http://help.yahoo.com/help/us/ysearch/slurp)"
67.195.112.179 - - [16/Jun/2011:04:17:51 -0500] "GET / HTTP/1.0" 200 1111 "-" "Mozilla/5.0 (compatible; Yahoo! Slurp; http://help.yahoo.com/help/us/ysearch/slurp)"
67.195.112.179 - - [16/Jun/2011:04:17:52 -0500] "GET /media/style_soon.css HTTP/1.0" 200 1552 "http://www.instasaic.com/" "Mozilla/5.0 (compatible; Yahoo! Slurp; http://help.yahoo.com/help/us/ysearch/slurp)"
89.31.208.113 - - [16/Jun/2011:08:17:04 -0500] "GET /muieblackcat HTTP/1.1" 404 1238 "-" "-"
89.31.208.113 - - [16/Jun/2011:08:17:05 -0500] "GET //scripts/setup.php HTTP/1.1" 404 1241 "-" "-"
89.31.208.113 - - [16/Jun/2011:08:17:05 -0500] "GET //admin/scripts/setup.php HTTP/1.1" 404 1245 "-" "-"
89.31.208.113 - - [16/Jun/2011:08:17:07 -0500] "GET //admin/pma/scripts/setup.php HTTP/1.1" 404 1249 "-" "-"
89.31.208.113 - - [16/Jun/2011:08:17:08 -0500] "GET //admin/phpmyadmin/scripts/setup.php HTTP/1.1" 404 1251 "-" "-"
89.31.208.113 - - [16/Jun/2011:08:17:08 -0500] "GET //db/scripts/setup.php HTTP/1.1" 404 1243 "-" "-"
89.31.208.113 - - [16/Jun/2011:08:17:09 -0500] "GET //dbadmin/scripts/setup.php HTTP/1.1" 404 1247 "-" "-"
89.31.208.113 - - [16/Jun/2011:08:17:10 -0500] "GET //myadmin/scripts/setup.php HTTP/1.1" 404 1247 "-" "-"
89.31.208.113 - - [16/Jun/2011:08:17:10 -0500] "GET //mysql/scripts/setup.php HTTP/1.1" 404 1246 "-" "-"
89.31.208.113 - - [16/Jun/2011:08:17:14 -0500] "GET //mysqladmin/scripts/setup.php HTTP/1.1" 404 1251 "-" "-"
89.31.208.113 - - [16/Jun/2011:08:17:14 -0500] "GET //typo3/phpmyadmin/scripts/setup.php HTTP/1.1" 404 1254 "-" "-"
89.31.208.113 - - [16/Jun/2011:08:17:15 -0500] "GET //phpadmin/scripts/setup.php HTTP/1.1" 404 1247 "-" "-"
89.31.208.113 - - [16/Jun/2011:08:17:15 -0500] "GET //phpMyAdmin/scripts/setup.php HTTP/1.1" 404 1250 "-" "-"
89.31.208.113 - - [16/Jun/2011:08:17:16 -0500] "GET //phpmyadmin/scripts/setup.php HTTP/1.1" 404 476 "-" "-"
89.31.208.113 - - [16/Jun/2011:08:17:16 -0500] "GET //phpmyadmin1/scripts/setup.php HTTP/1.1" 404 1251 "-" "-"
89.31.208.113 - - [16/Jun/2011:08:17:16 -0500] "GET //phpmyadmin2/scripts/setup.php HTTP/1.1" 404 1251 "-" "-"
89.31.208.113 - - [16/Jun/2011:08:17:17 -0500] "GET //pma/scripts/setup.php HTTP/1.1" 404 1244 "-" "-"
89.31.208.113 - - [16/Jun/2011:08:17:17 -0500] "GET //web/phpMyAdmin/scripts/setup.php HTTP/1.1" 404 1253 "-" "-"
89.31.208.113 - - [16/Jun/2011:08:17:17 -0500] "GET //xampp/phpmyadmin/scripts/setup.php HTTP/1.1" 404 1254 "-" "-"
89.31.208.113 - - [16/Jun/2011:08:17:18 -0500] "GET //web/scripts/setup.php HTTP/1.1" 404 1244 "-" "-"
89.31.208.113 - - [16/Jun/2011:08:17:18 -0500] "GET //php-my-admin/scripts/setup.php HTTP/1.1" 404 1252 "-" "-"
89.31.208.113 - - [16/Jun/2011:08:17:19 -0500] "GET //websql/scripts/setup.php HTTP/1.1" 404 1247 "-" "-"
89.31.208.113 - - [16/Jun/2011:08:17:19 -0500] "GET //phpmyadmin/scripts/setup.php HTTP/1.1" 404 476 "-" "-"
89.31.208.113 - - [16/Jun/2011:08:17:19 -0500] "GET //phpMyAdmin/scripts/setup.php HTTP/1.1" 404 1250 "-" "-"
89.31.208.113 - - [16/Jun/2011:08:17:20 -0500] "GET //phpMyAdmin-2/scripts/setup.php HTTP/1.1" 404 1252 "-" "-"
89.31.208.113 - - [16/Jun/2011:08:17:20 -0500] "GET //php-my-admin/scripts/setup.php HTTP/1.1" 404 1252 "-" "-"
89.31.208.113 - - [16/Jun/2011:08:17:21 -0500] "GET //sqlmanager/scripts/setup.php HTTP/1.1" 404 1250 "-" "-"
89.31.208.113 - - [16/Jun/2011:08:17:21 -0500] "GET //mysqlmanager/scripts/setup.php HTTP/1.1" 404 1252 "-" "-"
89.31.208.113 - - [16/Jun/2011:08:17:21 -0500] "GET //p/m/a/scripts/setup.php HTTP/1.1" 404 1245 "-" "-"
89.31.208.113 - - [16/Jun/2011:08:17:22 -0500] "GET //PMA2005/scripts/setup.php HTTP/1.1" 404 1249 "-" "-"
89.31.208.113 - - [16/Jun/2011:08:17:22 -0500] "GET //pma2005/scripts/setup.php HTTP/1.1" 404 1248 "-" "-"
89.31.208.113 - - [16/Jun/2011:08:17:23 -0500] "GET //phpmanager/scripts/setup.php HTTP/1.1" 404 1249 "-" "-"
89.31.208.113 - - [16/Jun/2011:08:17:23 -0500] "GET //php-myadmin/scripts/setup.php HTTP/1.1" 404 1251 "-" "-"
89.31.208.113 - - [16/Jun/2011:08:17:23 -0500] "GET //phpmy-admin/scripts/setup.php HTTP/1.1" 404 1251 "-" "-"
89.31.208.113 - - [16/Jun/2011:08:17:24 -0500] "GET //webadmin/scripts/setup.php HTTP/1.1" 404 1248 "-" "-"
89.31.208.113 - - [16/Jun/2011:08:17:24 -0500] "GET //sqlweb/scripts/setup.php HTTP/1.1" 404 1247 "-" "-"
89.31.208.113 - - [16/Jun/2011:08:17:25 -0500] "GET //websql/scripts/setup.php HTTP/1.1" 404 1247 "-" "-"
89.31.208.113 - - [16/Jun/2011:08:17:25 -0500] "GET //webdb/scripts/setup.php HTTP/1.1" 404 1246 "-" "-"
89.31.208.113 - - [16/Jun/2011:08:17:25 -0500] "GET //mysqladmin/scripts/setup.php HTTP/1.1" 404 1251 "-" "-"
89.31.208.113 - - [16/Jun/2011:08:17:26 -0500] "GET //mysql-admin/scripts/setup.php HTTP/1.1" 404 1251 "-" "-"
89.31.208.113 - - [16/Jun/2011:08:17:26 -0500] "GET //databaseadmin/scripts/setup.php HTTP/1.1" 404 1252 "-" "-"
89.31.208.113 - - [16/Jun/2011:08:17:27 -0500] "GET //admm/scripts/setup.php HTTP/1.1" 404 1244 "-" "-"
89.31.208.113 - - [16/Jun/2011:08:17:27 -0500] "GET //admn/scripts/setup.php HTTP/1.1" 404 1244 "-" "-"
220.181.108.113 - - [16/Jun/2011:10:58:11 -0500] "GET /robots.txt HTTP/1.1" 404 465 "-" "Baiduspider+(+http://www.baidu.com/search/spider.htm)"
174.129.117.237 - - [16/Jun/2011:12:07:23 -0500] "HEAD / HTTP/1.1" 200 202 "-" "Mozilla/5.0 (Windows; U; Windows NT 5.1; en-US) AppleWebKit/525.13 (KHTML, like Gecko) Chrome/0.A.B.C Safari/525.13"
119.63.196.106 - - [17/Jun/2011:00:37:57 -0500] "GET /robots.txt HTTP/1.1" 404 465 "-" "Baiduspider+(+http://www.baidu.com/search/spider.htm)"
119.63.196.97 - - [18/Jun/2011:02:00:01 -0500] "GET / HTTP/1.1" 200 1156 "-" "Mozilla/5.0 (compatible; Baiduspider/2.0; +http://www.baidu.com/search/spider.html)"
66.249.67.138 - - [18/Jun/2011:10:24:47 -0500] "GET /robots.txt HTTP/1.1" 404 503 "-" "DoCoMo/2.0 N905i(c100;TB;W24H16) (compatible; Googlebot-Mobile/2.1; +http://www.google.com/bot.html)"
66.249.67.138 - - [18/Jun/2011:10:24:47 -0500] "GET / HTTP/1.1" 200 1193 "-" "DoCoMo/2.0 N905i(c100;TB;W24H16) (compatible; Googlebot-Mobile/2.1; +http://www.google.com/bot.html)"
67.195.111.55 - - [18/Jun/2011:11:17:30 -0500] "GET /robots.txt HTTP/1.0" 404 465 "-" "Mozilla/5.0 (compatible; Yahoo! Slurp; http://help.yahoo.com/help/us/ysearch/slurp)"
67.195.111.55 - - [18/Jun/2011:11:17:30 -0500] "GET / HTTP/1.0" 200 1111 "-" "Mozilla/5.0 (compatible; Yahoo! Slurp; http://help.yahoo.com/help/us/ysearch/slurp)"
67.195.111.55 - - [18/Jun/2011:11:17:32 -0500] "GET /media/style_soon.css HTTP/1.0" 200 1552 "http://instasaic.com/" "Mozilla/5.0 (compatible; Yahoo! Slurp; http://help.yahoo.com/help/us/ysearch/slurp)"
119.63.196.7 - - [19/Jun/2011:01:33:12 -0500] "GET / HTTP/1.1" 200 1156 "-" "Mozilla/5.0 (compatible; Baiduspider/2.0; +http://www.baidu.com/search/spider.html)"
123.125.71.32 - - [19/Jun/2011:04:30:37 -0500] "GET / HTTP/1.1" 200 1156 "-" "Mozilla/5.0 (compatible; Baiduspider/2.0; +http://www.baidu.com/search/spider.html)"
66.249.67.232 - - [19/Jun/2011:17:33:11 +0000] "GET /robots.txt HTTP/1.1" 404 506 "-" "Mozilla/5.0 (compatible; Googlebot/2.1; +http://www.google.com/bot.html)"
66.249.67.232 - - [19/Jun/2011:17:33:11 +0000] "GET / HTTP/1.1" 200 1193 "-" "Mozilla/5.0 (compatible; Googlebot/2.1; +http://www.google.com/bot.html)"
174.129.117.237 - - [19/Jun/2011:22:22:19 -0500] "HEAD / HTTP/1.1" 200 202 "-" "Mozilla/5.0 (Windows; U; Windows NT 5.1; en-US) AppleWebKit/525.13 (KHTML, like Gecko) Chrome/0.A.B.C Safari/525.13"
119.63.196.33 - - [20/Jun/2011:03:02:05 -0500] "GET / HTTP/1.1" 200 1156 "-" "Mozilla/5.0 (compatible; Baiduspider/2.0; +http://www.baidu.com/search/spider.html)"
108.0.177.241 - - [22/Jun/2011:02:47:25 -0500] "GET /robots.txt HTTP/1.0" 404 465 "-" "Mozilla (Windows; U; Windows NT 5.1; en-US; rv:1.9.1.11)"
108.0.177.241 - - [22/Jun/2011:02:47:25 -0500] "GET / HTTP/1.0" 200 1111 "-" "Mozilla (Windows; U; Windows NT 5.1; en-US; rv:1.9.1.11)"
119.63.196.69 - - [22/Jun/2011:07:36:21 -0500] "GET / HTTP/1.1" 200 1156 "-" "Mozilla/5.0 (compatible; Baiduspider/2.0; +http://www.baidu.com/search/spider.html)"
98.14.67.251 - - [22/Jun/2011:21:07:40 -0500] "GET / HTTP/1.1" 200 1194 "http://ndat.org/" "Mozilla/5.0 (Windows NT 6.1) AppleWebKit/534.30 (KHTML, like Gecko) Chrome/12.0.742.100 Safari/534.30"
98.14.67.251 - - [22/Jun/2011:21:07:41 -0500] "GET /media/style_soon.css HTTP/1.1" 200 1634 "http://instasaic.com/" "Mozilla/5.0 (Windows NT 6.1) AppleWebKit/534.30 (KHTML, like Gecko) Chrome/12.0.742.100 Safari/534.30"
98.14.67.251 - - [22/Jun/2011:21:07:41 -0500] "GET /media/javascripts/jquery.tipsy.js HTTP/1.1" 200 1589 "http://instasaic.com/" "Mozilla/5.0 (Windows NT 6.1) AppleWebKit/534.30 (KHTML, like Gecko) Chrome/12.0.742.100 Safari/534.30"
98.14.67.251 - - [22/Jun/2011:21:07:42 -0500] "GET /media/fonts/League_Gothic-webfont.woff HTTP/1.1" 200 23105 "http://instasaic.com/" "Mozilla/5.0 (Windows NT 6.1) AppleWebKit/534.30 (KHTML, like Gecko) Chrome/12.0.742.100 Safari/534.30"
98.14.67.251 - - [22/Jun/2011:21:07:42 -0500] "GET /media/images/bg.png HTTP/1.1" 200 16197 "http://instasaic.com/" "Mozilla/5.0 (Windows NT 6.1) AppleWebKit/534.30 (KHTML, like Gecko) Chrome/12.0.742.100 Safari/534.30"
98.14.67.251 - - [22/Jun/2011:21:07:42 -0500] "GET /media/images/txt-launch-day-hat.png HTTP/1.1" 200 6106 "http://instasaic.com/" "Mozilla/5.0 (Windows NT 6.1) AppleWebKit/534.30 (KHTML, like Gecko) Chrome/12.0.742.100 Safari/534.30"
98.14.67.251 - - [22/Jun/2011:21:07:43 -0500] "GET /media/images/btn-subscribe.png HTTP/1.1" 200 8659 "http://instasaic.com/" "Mozilla/5.0 (Windows NT 6.1) AppleWebKit/534.30 (KHTML, like Gecko) Chrome/12.0.742.100 Safari/534.30"
98.14.67.251 - - [22/Jun/2011:21:07:43 -0500] "GET /media/images/form-bg.png HTTP/1.1" 200 3543 "http://instasaic.com/" "Mozilla/5.0 (Windows NT 6.1) AppleWebKit/534.30 (KHTML, like Gecko) Chrome/12.0.742.100 Safari/534.30"
98.14.67.251 - - [22/Jun/2011:21:07:42 -0500] "GET /media/images/progress-bar.png HTTP/1.1" 200 4687 "http://instasaic.com/" "Mozilla/5.0 (Windows NT 6.1) AppleWebKit/534.30 (KHTML, like Gecko) Chrome/12.0.742.100 Safari/534.30"
98.14.67.251 - - [22/Jun/2011:21:07:42 -0500] "GET /media/images/divider.png HTTP/1.1" 200 3064 "http://instasaic.com/" "Mozilla/5.0 (Windows NT 6.1) AppleWebKit/534.30 (KHTML, like Gecko) Chrome/12.0.742.100 Safari/534.30"
98.14.67.251 - - [22/Jun/2011:21:07:42 -0500] "GET /media/images/bg-light.png HTTP/1.1" 200 416473 "http://instasaic.com/" "Mozilla/5.0 (Windows NT 6.1) AppleWebKit/534.30 (KHTML, like Gecko) Chrome/12.0.742.100 Safari/534.30"
98.14.67.251 - - [22/Jun/2011:21:07:42 -0500] "GET /media/images/progress-container.png HTTP/1.1" 200 6433 "http://instasaic.com/" "Mozilla/5.0 (Windows NT 6.1) AppleWebKit/534.30 (KHTML, like Gecko) Chrome/12.0.742.100 Safari/534.30"
98.14.67.251 - - [22/Jun/2011:21:07:51 -0500] "GET /favicon.ico HTTP/1.1" 404 503 "-" "Mozilla/5.0 (Windows NT 6.1) AppleWebKit/534.30 (KHTML, like Gecko) Chrome/12.0.742.100 Safari/534.30"
67.195.112.179 - - [23/Jun/2011:04:19:31 -0500] "GET /robots.txt HTTP/1.0" 404 468 "-" "Mozilla/5.0 (compatible; Yahoo! Slurp; http://help.yahoo.com/help/us/ysearch/slurp)"
67.195.112.179 - - [23/Jun/2011:04:19:31 -0500] "GET / HTTP/1.0" 200 1111 "-" "Mozilla/5.0 (compatible; Yahoo! Slurp; http://help.yahoo.com/help/us/ysearch/slurp)"
174.129.117.237 - - [23/Jun/2011:06:56:51 -0500] "HEAD / HTTP/1.1" 200 202 "-" "Mozilla/5.0 (Windows; U; Windows NT 5.1; en-US) AppleWebKit/525.13 (KHTML, like Gecko) Chrome/0.A.B.C Safari/525.13"
208.115.111.69 - - [23/Jun/2011:08:27:08 -0500] "GET /robots.txt HTTP/1.1" 404 471 "-" "Mozilla/5.0 (compatible; Ezooms/1.0; ezooms.bot@gmail.com)"
208.115.111.69 - - [23/Jun/2011:09:02:15 -0500] "GET / HTTP/1.1" 200 1981 "-" "Mozilla/5.0 (compatible; Ezooms/1.0; ezooms.bot@gmail.com)"
67.195.112.179 - - [23/Jun/2011:16:21:56 -0500] "GET /robots.txt HTTP/1.0" 404 468 "-" "Mozilla/5.0 (compatible; Yahoo! Slurp; http://help.yahoo.com/help/us/ysearch/slurp)"
67.195.112.179 - - [23/Jun/2011:16:21:57 -0500] "GET / HTTP/1.0" 200 1111 "-" "Mozilla/5.0 (compatible; Yahoo! Slurp; http://help.yahoo.com/help/us/ysearch/slurp)"
67.195.112.179 - - [23/Jun/2011:16:21:59 -0500] "GET /media/style_soon.css HTTP/1.0" 200 1552 "http://www.instasaic.com/" "Mozilla/5.0 (compatible; Yahoo! Slurp; http://help.yahoo.com/help/us/ysearch/slurp)"
119.63.196.72 - - [24/Jun/2011:07:29:07 -0500] "GET / HTTP/1.1" 200 1156 "-" "Mozilla/5.0 (compatible; Baiduspider/2.0; +http://www.baidu.com/search/spider.html)"
64.246.161.190 - - [25/Jun/2011:13:21:13 -0500] "GET /robots.txt HTTP/1.0" 404 494 "-" "Mozilla/5.0 (Windows; U; Windows NT 5.1; en; rv:1.9.0.13) Gecko/2009073022 Firefox/3.5.2 (.NET CLR 3.5.30729) SurveyBot/2.3 (DomainTools)"
64.246.161.190 - - [25/Jun/2011:13:21:13 -0500] "GET / HTTP/1.1" 200 1156 "http://whois.domaintools.com/instasaic.com" "Mozilla/5.0 (Windows; U; Windows NT 5.1; en; rv:1.9.0.13) Gecko/2009073022 Firefox/3.5.2 (.NET CLR 3.5.30729) SurveyBot/2.3 (DomainTools)"
67.195.111.55 - - [25/Jun/2011:14:21:35 -0500] "GET /robots.txt HTTP/1.0" 404 465 "-" "Mozilla/5.0 (compatible; Yahoo! Slurp; http://help.yahoo.com/help/us/ysearch/slurp)"
67.195.111.55 - - [25/Jun/2011:14:21:35 -0500] "GET / HTTP/1.0" 200 1111 "-" "Mozilla/5.0 (compatible; Yahoo! Slurp; http://help.yahoo.com/help/us/ysearch/slurp)"
67.195.111.55 - - [25/Jun/2011:14:21:35 -0500] "GET /media/style_soon.css HTTP/1.0" 200 1552 "http://instasaic.com/" "Mozilla/5.0 (compatible; Yahoo! Slurp; http://help.yahoo.com/help/us/ysearch/slurp)"
119.63.196.8 - - [26/Jun/2011:00:52:18 -0500] "GET / HTTP/1.1" 200 1156 "-" "Mozilla/5.0 (compatible; Baiduspider/2.0; +http://www.baidu.com/search/spider.html)"
119.63.196.101 - - [26/Jun/2011:06:18:27 -0500] "GET /media/style_soon.css HTTP/1.1" 304 140 "-" "Mozilla/5.0 (compatible; Baiduspider/2.0; +http://www.baidu.com/search/spider.html)"
157.55.17.103 - - [26/Jun/2011:11:10:14 -0500] "GET /robots.txt HTTP/1.1" 404 528 "-" "Mozilla/5.0 (compatible; bingbot/2.0; +http://www.bing.com/bingbot.htm)"
157.55.17.103 - - [26/Jun/2011:11:14:44 -0500] "GET / HTTP/1.1" 200 1194 "-" "Mozilla/5.0 (compatible; bingbot/2.0; +http://www.bing.com/bingbot.htm)"
174.129.117.237 - - [26/Jun/2011:18:32:25 -0500] "HEAD / HTTP/1.1" 200 202 "-" "Mozilla/5.0 (Windows; U; Windows NT 5.1; en-US) AppleWebKit/525.13 (KHTML, like Gecko) Chrome/0.A.B.C Safari/525.13"
119.63.196.72 - - [27/Jun/2011:01:43:46 -0500] "GET / HTTP/1.1" 200 1156 "-" "Mozilla/5.0 (compatible; Baiduspider/2.0; +http://www.baidu.com/search/spider.html)"
66.249.67.185 - - [27/Jun/2011:16:47:40 -0500] "GET /robots.txt HTTP/1.1" 404 503 "-" "SAMSUNG-SGH-E250/1.0 Profile/MIDP-2.0 Configuration/CLDC-1.1 UP.Browser/6.2.3.3.c.1.101 (GUI) MMP/2.0 (compatible; Googlebot-Mobile/2.1; +http://www.google.com/bot.html)"
66.249.67.185 - - [27/Jun/2011:16:47:40 -0500] "GET / HTTP/1.1" 200 1193 "-" "SAMSUNG-SGH-E250/1.0 Profile/MIDP-2.0 Configuration/CLDC-1.1 UP.Browser/6.2.3.3.c.1.101 (GUI) MMP/2.0 (compatible; Googlebot-Mobile/2.1; +http://www.google.com/bot.html)"
220.181.108.116 - - [28/Jun/2011:05:52:27 -0500] "GET /robots.txt HTTP/1.1" 404 465 "-" "Baiduspider+(+http://www.baidu.com/search/spider.htm)"
123.125.71.19 - - [28/Jun/2011:05:59:32 -0500] "GET / HTTP/1.1" 200 1156 "-" "Mozilla/5.0 (compatible; Baiduspider/2.0; +http://www.baidu.com/search/spider.html)"
119.63.196.72 - - [28/Jun/2011:07:50:00 -0500] "GET / HTTP/1.1" 200 1156 "-" "Mozilla/5.0 (compatible; Baiduspider/2.0; +http://www.baidu.com/search/spider.html)"
123.125.71.14 - - [28/Jun/2011:21:37:05 -0500] "GET / HTTP/1.1" 200 1156 "-" "Mozilla/5.0 (compatible; Baiduspider/2.0; +http://www.baidu.com/search/spider.html)"
50.19.185.239 - - [29/Jun/2011:13:41:43 -0500] "HEAD / HTTP/1.1" 200 177 "http://www.netcraft.com/survey/" "Mozilla/4.0 (compatible; Netcraft Web Server Survey)"
174.129.117.237 - - [30/Jun/2011:00:42:49 -0500] "HEAD / HTTP/1.1" 200 202 "-" "Mozilla/5.0 (Windows; U; Windows NT 5.1; en-US) AppleWebKit/525.13 (KHTML, like Gecko) Chrome/0.A.B.C Safari/525.13"
119.63.196.34 - - [30/Jun/2011:02:40:01 -0500] "GET / HTTP/1.1" 200 1156 "-" "Mozilla/5.0 (compatible; Baiduspider/2.0; +http://www.baidu.com/search/spider.html)"
204.236.221.242 - - [30/Jun/2011:06:18:26 -0500] "HEAD / HTTP/1.1" 200 177 "http://www.netcraft.com/survey/" "Mozilla/4.0 (compatible; Netcraft Web Server Survey)"
46.4.95.200 - - [30/Jun/2011:09:31:51 -0500] "GET / HTTP/1.1" 200 2000 "http://www.text-link-ads.com/?ref=310762" "Opera/9.80 (Windows NT 6.1; U; en-US) Presto/2.7.62 Version/11.01"
46.4.95.200 - - [30/Jun/2011:09:31:52 -0500] "GET / HTTP/1.1" 200 2000 "-" "Opera 9.4 (Windows NT 5.3; U; en)"
67.195.112.179 - - [30/Jun/2011:16:23:40 -0500] "GET /robots.txt HTTP/1.0" 404 468 "-" "Mozilla/5.0 (compatible; Yahoo! Slurp; http://help.yahoo.com/help/us/ysearch/slurp)"
67.195.112.179 - - [30/Jun/2011:16:23:40 -0500] "GET / HTTP/1.0" 200 1111 "-" "Mozilla/5.0 (compatible; Yahoo! Slurp; http://help.yahoo.com/help/us/ysearch/slurp)"
67.195.112.179 - - [30/Jun/2011:16:23:41 -0500] "GET /media/style_soon.css HTTP/1.0" 200 1552 "http://www.instasaic.com/" "Mozilla/5.0 (compatible; Yahoo! Slurp; http://help.yahoo.com/help/us/ysearch/slurp)"
123.125.71.24 - - [01/Jul/2011:07:11:25 -0500] "GET / HTTP/1.1" 200 1156 "-" "Mozilla/5.0 (compatible; Baiduspider/2.0; +http://www.baidu.com/search/spider.html)"
66.249.67.185 - - [01/Jul/2011:08:34:12 -0500] "GET /robots.txt HTTP/1.1" 404 503 "-" "Mozilla/5.0 (compatible; Googlebot/2.1; +http://www.google.com/bot.html)"
66.249.67.185 - - [01/Jul/2011:08:34:12 -0500] "GET / HTTP/1.1" 200 1193 "-" "Mozilla/5.0 (compatible; Googlebot/2.1; +http://www.google.com/bot.html)"
119.63.196.68 - - [02/Jul/2011:08:16:08 -0500] "GET / HTTP/1.1" 200 1156 "-" "Mozilla/5.0 (compatible; Baiduspider/2.0; +http://www.baidu.com/search/spider.html)"
67.195.111.55 - - [02/Jul/2011:14:22:51 -0500] "GET /robots.txt HTTP/1.0" 404 465 "-" "Mozilla/5.0 (compatible; Yahoo! Slurp; http://help.yahoo.com/help/us/ysearch/slurp)"
67.195.111.55 - - [02/Jul/2011:14:22:52 -0500] "GET / HTTP/1.0" 200 1111 "-" "Mozilla/5.0 (compatible; Yahoo! Slurp; http://help.yahoo.com/help/us/ysearch/slurp)"
67.195.111.55 - - [02/Jul/2011:14:22:55 -0500] "GET /media/style_soon.css HTTP/1.0" 200 1552 "http://instasaic.com/" "Mozilla/5.0 (compatible; Yahoo! Slurp; http://help.yahoo.com/help/us/ysearch/slurp)"
123.125.71.24 - - [02/Jul/2011:21:23:13 -0500] "GET / HTTP/1.1" 200 1156 "-" "Mozilla/5.0 (compatible; Baiduspider/2.0; +http://www.baidu.com/search/spider.html)"
119.63.196.34 - - [03/Jul/2011:01:05:48 -0500] "GET / HTTP/1.1" 200 1156 "-" "Mozilla/5.0 (compatible; Baiduspider/2.0; +http://www.baidu.com/search/spider.html)"
66.249.67.232 - - [03/Jul/2011:08:14:49 +0000] "GET /robots.txt HTTP/1.1" 404 506 "-" "Mozilla/5.0 (compatible; Googlebot/2.1; +http://www.google.com/bot.html)"
66.249.67.232 - - [03/Jul/2011:08:14:49 +0000] "GET / HTTP/1.1" 200 1193 "-" "Mozilla/5.0 (compatible; Googlebot/2.1; +http://www.google.com/bot.html)"
174.129.117.237 - - [03/Jul/2011:07:46:52 -0500] "HEAD / HTTP/1.1" 200 202 "-" "Mozilla/5.0 (Windows; U; Windows NT 5.1; en-US) AppleWebKit/525.13 (KHTML, like Gecko) Chrome/0.A.B.C Safari/525.13"
174.129.172.202 - - [03/Jul/2011:18:40:35 -0500] "GET / HTTP/1.0" 200 1960 "-" "Mozilla/5.0 (compatible; NetcraftSurveyAgent/1.0; +info@netcraft.com)"
